Archive member included to satisfy reference by file (symbol)

/opt/microchip/xc8/v3.00/avr/bin/../lib/gcc/avr/5.4.0/avr5/libgcc.a(_divmodhi4.o)
                              build/default/production/lcd.o (__divmodhi4)
/opt/microchip/xc8/v3.00/avr/bin/../lib/gcc/avr/5.4.0/avr5/libgcc.a(_tablejump2.o)
                              build/default/production/main.o (__tablejump2__)
/opt/microchip/xc8/v3.00/avr/bin/../lib/gcc/avr/5.4.0/avr5/libgcc.a(_copy_data.o)
                              build/default/production/main.o (__do_copy_data)
/opt/microchip/xc8/v3.00/avr/bin/../lib/gcc/avr/5.4.0/avr5/libgcc.a(_umulhisi3.o)
                              build/default/production/lcd.o (__umulhisi3)
/opt/microchip/xc8/v3.00/avr/bin/../lib/gcc/avr/5.4.0/avr5/libgcc.a(_udivmodhi4.o)
                              /opt/microchip/xc8/v3.00/avr/bin/../lib/gcc/avr/5.4.0/avr5/libgcc.a(_divmodhi4.o) (__udivmodhi4)
/opt/microchip/xc8/v3.00/avr/bin/../lib/gcc/avr/5.4.0/../../../../avr/lib/avr5/libc.a(exit.o)
                              /home/pablo/.mchp_packs/Microchip/ATmega_DFP/3.4.282/xc8/avr/lib/avr5/crtatmega328p.o (exit)
/opt/microchip/xc8/v3.00/avr/bin/../lib/gcc/avr/5.4.0/../../../../avr/lib/avr5/libc.a(strcmp.o)
                              build/default/production/main.o (strcmp)
/opt/microchip/xc8/v3.00/avr/bin/../lib/gcc/avr/5.4.0/../../../../avr/lib/avr5/libc.a(_Exit.o)
                              /opt/microchip/xc8/v3.00/avr/bin/../lib/gcc/avr/5.4.0/../../../../avr/lib/avr5/libc.a(exit.o) (_Exit)
/opt/microchip/xc8/v3.00/avr/bin/../lib/gcc/avr/5.4.0/avr5/libgcc.a(_exit.o)
                              /opt/microchip/xc8/v3.00/avr/bin/../lib/gcc/avr/5.4.0/../../../../avr/lib/avr5/libc.a(_Exit.o) (_exit)

Discarded input sections

 .data          0x0000000000000000        0x0 /home/pablo/.mchp_packs/Microchip/ATmega_DFP/3.4.282/xc8/avr/lib/avr5/crtatmega328p.o
 .bss           0x0000000000000000        0x0 /home/pablo/.mchp_packs/Microchip/ATmega_DFP/3.4.282/xc8/avr/lib/avr5/crtatmega328p.o
 .text          0x0000000000000000        0x0 build/default/production/main.o
 .data          0x0000000000000000        0x0 build/default/production/main.o
 .bss           0x0000000000000000        0x0 build/default/production/main.o
 .text          0x0000000000000000        0x0 build/default/production/keypad.o
 .data          0x0000000000000000        0x0 build/default/production/keypad.o
 .bss           0x0000000000000000        0x0 build/default/production/keypad.o
 .text.KBGetValue
                0x0000000000000000       0x5a build/default/production/keypad.o
 .progmem.gcc_sw_table.KBGetValue
                0x0000000000000000       0xf0 build/default/production/keypad.o
 .text          0x0000000000000000        0x0 build/default/production/lcd.o
 .data          0x0000000000000000        0x0 build/default/production/lcd.o
 .bss           0x0000000000000000        0x0 build/default/production/lcd.o
 .text.LCDWriteNum
                0x0000000000000000      0x18e build/default/production/lcd.o
 .text.LCDWriteMsgROM
                0x0000000000000000       0x1e build/default/production/lcd.o
 .text          0x0000000000000000        0x0 /opt/microchip/xc8/v3.00/avr/bin/../lib/gcc/avr/5.4.0/avr5/libgcc.a(_divmodhi4.o)
 .data          0x0000000000000000        0x0 /opt/microchip/xc8/v3.00/avr/bin/../lib/gcc/avr/5.4.0/avr5/libgcc.a(_divmodhi4.o)
 .bss           0x0000000000000000        0x0 /opt/microchip/xc8/v3.00/avr/bin/../lib/gcc/avr/5.4.0/avr5/libgcc.a(_divmodhi4.o)
 .text.libgcc.mul
                0x0000000000000000        0x0 /opt/microchip/xc8/v3.00/avr/bin/../lib/gcc/avr/5.4.0/avr5/libgcc.a(_divmodhi4.o)
 .text.libgcc.div
                0x0000000000000000       0x28 /opt/microchip/xc8/v3.00/avr/bin/../lib/gcc/avr/5.4.0/avr5/libgcc.a(_divmodhi4.o)
 .stack.descriptors.hdr
                0x0000000000000000        0xe /opt/microchip/xc8/v3.00/avr/bin/../lib/gcc/avr/5.4.0/avr5/libgcc.a(_divmodhi4.o)
 .stack.descriptors
                0x0000000000000000       0x19 /opt/microchip/xc8/v3.00/avr/bin/../lib/gcc/avr/5.4.0/avr5/libgcc.a(_divmodhi4.o)
 .text.libgcc   0x0000000000000000        0x0 /opt/microchip/xc8/v3.00/avr/bin/../lib/gcc/avr/5.4.0/avr5/libgcc.a(_divmodhi4.o)
 .text.libgcc.prologue
                0x0000000000000000        0x0 /opt/microchip/xc8/v3.00/avr/bin/../lib/gcc/avr/5.4.0/avr5/libgcc.a(_divmodhi4.o)
 .text.libgcc.builtins
                0x0000000000000000        0x0 /opt/microchip/xc8/v3.00/avr/bin/../lib/gcc/avr/5.4.0/avr5/libgcc.a(_divmodhi4.o)
 .text.libgcc.fmul
                0x0000000000000000        0x0 /opt/microchip/xc8/v3.00/avr/bin/../lib/gcc/avr/5.4.0/avr5/libgcc.a(_divmodhi4.o)
 .text.libgcc.fixed
                0x0000000000000000        0x0 /opt/microchip/xc8/v3.00/avr/bin/../lib/gcc/avr/5.4.0/avr5/libgcc.a(_divmodhi4.o)
 .text          0x0000000000000000        0x0 /opt/microchip/xc8/v3.00/avr/bin/../lib/gcc/avr/5.4.0/avr5/libgcc.a(_tablejump2.o)
 .data          0x0000000000000000        0x0 /opt/microchip/xc8/v3.00/avr/bin/../lib/gcc/avr/5.4.0/avr5/libgcc.a(_tablejump2.o)
 .bss           0x0000000000000000        0x0 /opt/microchip/xc8/v3.00/avr/bin/../lib/gcc/avr/5.4.0/avr5/libgcc.a(_tablejump2.o)
 .text.libgcc.mul
                0x0000000000000000        0x0 /opt/microchip/xc8/v3.00/avr/bin/../lib/gcc/avr/5.4.0/avr5/libgcc.a(_tablejump2.o)
 .text.libgcc.div
                0x0000000000000000        0x0 /opt/microchip/xc8/v3.00/avr/bin/../lib/gcc/avr/5.4.0/avr5/libgcc.a(_tablejump2.o)
 .text.libgcc.prologue
                0x0000000000000000        0x0 /opt/microchip/xc8/v3.00/avr/bin/../lib/gcc/avr/5.4.0/avr5/libgcc.a(_tablejump2.o)
 .stack.descriptors
                0x0000000000000000       0x1c /opt/microchip/xc8/v3.00/avr/bin/../lib/gcc/avr/5.4.0/avr5/libgcc.a(_tablejump2.o)
 .text.libgcc.builtins
                0x0000000000000000        0x0 /opt/microchip/xc8/v3.00/avr/bin/../lib/gcc/avr/5.4.0/avr5/libgcc.a(_tablejump2.o)
 .text.libgcc.fmul
                0x0000000000000000        0x0 /opt/microchip/xc8/v3.00/avr/bin/../lib/gcc/avr/5.4.0/avr5/libgcc.a(_tablejump2.o)
 .text.libgcc.fixed
                0x0000000000000000        0x0 /opt/microchip/xc8/v3.00/avr/bin/../lib/gcc/avr/5.4.0/avr5/libgcc.a(_tablejump2.o)
 .text          0x0000000000000000        0x0 /opt/microchip/xc8/v3.00/avr/bin/../lib/gcc/avr/5.4.0/avr5/libgcc.a(_copy_data.o)
 .data          0x0000000000000000        0x0 /opt/microchip/xc8/v3.00/avr/bin/../lib/gcc/avr/5.4.0/avr5/libgcc.a(_copy_data.o)
 .bss           0x0000000000000000        0x0 /opt/microchip/xc8/v3.00/avr/bin/../lib/gcc/avr/5.4.0/avr5/libgcc.a(_copy_data.o)
 .text.libgcc.mul
                0x0000000000000000        0x0 /opt/microchip/xc8/v3.00/avr/bin/../lib/gcc/avr/5.4.0/avr5/libgcc.a(_copy_data.o)
 .text.libgcc.div
                0x0000000000000000        0x0 /opt/microchip/xc8/v3.00/avr/bin/../lib/gcc/avr/5.4.0/avr5/libgcc.a(_copy_data.o)
 .text.libgcc   0x0000000000000000        0x0 /opt/microchip/xc8/v3.00/avr/bin/../lib/gcc/avr/5.4.0/avr5/libgcc.a(_copy_data.o)
 .text.libgcc.prologue
                0x0000000000000000        0x0 /opt/microchip/xc8/v3.00/avr/bin/../lib/gcc/avr/5.4.0/avr5/libgcc.a(_copy_data.o)
 .text.libgcc.builtins
                0x0000000000000000        0x0 /opt/microchip/xc8/v3.00/avr/bin/../lib/gcc/avr/5.4.0/avr5/libgcc.a(_copy_data.o)
 .text.libgcc.fmul
                0x0000000000000000        0x0 /opt/microchip/xc8/v3.00/avr/bin/../lib/gcc/avr/5.4.0/avr5/libgcc.a(_copy_data.o)
 .text.libgcc.fixed
                0x0000000000000000        0x0 /opt/microchip/xc8/v3.00/avr/bin/../lib/gcc/avr/5.4.0/avr5/libgcc.a(_copy_data.o)
 .text          0x0000000000000000        0x0 /opt/microchip/xc8/v3.00/avr/bin/../lib/gcc/avr/5.4.0/avr5/libgcc.a(_umulhisi3.o)
 .data          0x0000000000000000        0x0 /opt/microchip/xc8/v3.00/avr/bin/../lib/gcc/avr/5.4.0/avr5/libgcc.a(_umulhisi3.o)
 .bss           0x0000000000000000        0x0 /opt/microchip/xc8/v3.00/avr/bin/../lib/gcc/avr/5.4.0/avr5/libgcc.a(_umulhisi3.o)
 .text.libgcc.mul
                0x0000000000000000       0x1e /opt/microchip/xc8/v3.00/avr/bin/../lib/gcc/avr/5.4.0/avr5/libgcc.a(_umulhisi3.o)
 .stack.descriptors.hdr
                0x0000000000000000        0xe /opt/microchip/xc8/v3.00/avr/bin/../lib/gcc/avr/5.4.0/avr5/libgcc.a(_umulhisi3.o)
 .stack.descriptors
                0x0000000000000000       0x19 /opt/microchip/xc8/v3.00/avr/bin/../lib/gcc/avr/5.4.0/avr5/libgcc.a(_umulhisi3.o)
 .text.libgcc.div
                0x0000000000000000        0x0 /opt/microchip/xc8/v3.00/avr/bin/../lib/gcc/avr/5.4.0/avr5/libgcc.a(_umulhisi3.o)
 .text.libgcc   0x0000000000000000        0x0 /opt/microchip/xc8/v3.00/avr/bin/../lib/gcc/avr/5.4.0/avr5/libgcc.a(_umulhisi3.o)
 .text.libgcc.prologue
                0x0000000000000000        0x0 /opt/microchip/xc8/v3.00/avr/bin/../lib/gcc/avr/5.4.0/avr5/libgcc.a(_umulhisi3.o)
 .text.libgcc.builtins
                0x0000000000000000        0x0 /opt/microchip/xc8/v3.00/avr/bin/../lib/gcc/avr/5.4.0/avr5/libgcc.a(_umulhisi3.o)
 .text.libgcc.fmul
                0x0000000000000000        0x0 /opt/microchip/xc8/v3.00/avr/bin/../lib/gcc/avr/5.4.0/avr5/libgcc.a(_umulhisi3.o)
 .text.libgcc.fixed
                0x0000000000000000        0x0 /opt/microchip/xc8/v3.00/avr/bin/../lib/gcc/avr/5.4.0/avr5/libgcc.a(_umulhisi3.o)
 .text          0x0000000000000000        0x0 /opt/microchip/xc8/v3.00/avr/bin/../lib/gcc/avr/5.4.0/avr5/libgcc.a(_udivmodhi4.o)
 .data          0x0000000000000000        0x0 /opt/microchip/xc8/v3.00/avr/bin/../lib/gcc/avr/5.4.0/avr5/libgcc.a(_udivmodhi4.o)
 .bss           0x0000000000000000        0x0 /opt/microchip/xc8/v3.00/avr/bin/../lib/gcc/avr/5.4.0/avr5/libgcc.a(_udivmodhi4.o)
 .text.libgcc.mul
                0x0000000000000000        0x0 /opt/microchip/xc8/v3.00/avr/bin/../lib/gcc/avr/5.4.0/avr5/libgcc.a(_udivmodhi4.o)
 .text.libgcc.div
                0x0000000000000000       0x28 /opt/microchip/xc8/v3.00/avr/bin/../lib/gcc/avr/5.4.0/avr5/libgcc.a(_udivmodhi4.o)
 .stack.descriptors.hdr
                0x0000000000000000        0xe /opt/microchip/xc8/v3.00/avr/bin/../lib/gcc/avr/5.4.0/avr5/libgcc.a(_udivmodhi4.o)
 .stack.descriptors
                0x0000000000000000       0x1a /opt/microchip/xc8/v3.00/avr/bin/../lib/gcc/avr/5.4.0/avr5/libgcc.a(_udivmodhi4.o)
 .text.libgcc   0x0000000000000000        0x0 /opt/microchip/xc8/v3.00/avr/bin/../lib/gcc/avr/5.4.0/avr5/libgcc.a(_udivmodhi4.o)
 .text.libgcc.prologue
                0x0000000000000000        0x0 /opt/microchip/xc8/v3.00/avr/bin/../lib/gcc/avr/5.4.0/avr5/libgcc.a(_udivmodhi4.o)
 .text.libgcc.builtins
                0x0000000000000000        0x0 /opt/microchip/xc8/v3.00/avr/bin/../lib/gcc/avr/5.4.0/avr5/libgcc.a(_udivmodhi4.o)
 .text.libgcc.fmul
                0x0000000000000000        0x0 /opt/microchip/xc8/v3.00/avr/bin/../lib/gcc/avr/5.4.0/avr5/libgcc.a(_udivmodhi4.o)
 .text.libgcc.fixed
                0x0000000000000000        0x0 /opt/microchip/xc8/v3.00/avr/bin/../lib/gcc/avr/5.4.0/avr5/libgcc.a(_udivmodhi4.o)
 .text          0x0000000000000000        0x0 /opt/microchip/xc8/v3.00/avr/bin/../lib/gcc/avr/5.4.0/../../../../avr/lib/avr5/libc.a(exit.o)
 .data          0x0000000000000000        0x0 /opt/microchip/xc8/v3.00/avr/bin/../lib/gcc/avr/5.4.0/../../../../avr/lib/avr5/libc.a(exit.o)
 .bss           0x0000000000000000        0x0 /opt/microchip/xc8/v3.00/avr/bin/../lib/gcc/avr/5.4.0/../../../../avr/lib/avr5/libc.a(exit.o)
 .stack.descriptors
                0x0000000000000000       0x73 /opt/microchip/xc8/v3.00/avr/bin/../lib/gcc/avr/5.4.0/../../../../avr/lib/avr5/libc.a(exit.o)
 .text          0x0000000000000000        0x0 /opt/microchip/xc8/v3.00/avr/bin/../lib/gcc/avr/5.4.0/../../../../avr/lib/avr5/libc.a(strcmp.o)
 .data          0x0000000000000000        0x0 /opt/microchip/xc8/v3.00/avr/bin/../lib/gcc/avr/5.4.0/../../../../avr/lib/avr5/libc.a(strcmp.o)
 .bss           0x0000000000000000        0x0 /opt/microchip/xc8/v3.00/avr/bin/../lib/gcc/avr/5.4.0/../../../../avr/lib/avr5/libc.a(strcmp.o)
 .stack.descriptors
                0x0000000000000000       0x14 /opt/microchip/xc8/v3.00/avr/bin/../lib/gcc/avr/5.4.0/../../../../avr/lib/avr5/libc.a(strcmp.o)
 .text          0x0000000000000000        0x0 /opt/microchip/xc8/v3.00/avr/bin/../lib/gcc/avr/5.4.0/../../../../avr/lib/avr5/libc.a(_Exit.o)
 .data          0x0000000000000000        0x0 /opt/microchip/xc8/v3.00/avr/bin/../lib/gcc/avr/5.4.0/../../../../avr/lib/avr5/libc.a(_Exit.o)
 .bss           0x0000000000000000        0x0 /opt/microchip/xc8/v3.00/avr/bin/../lib/gcc/avr/5.4.0/../../../../avr/lib/avr5/libc.a(_Exit.o)
 .stack.descriptors
                0x0000000000000000       0x13 /opt/microchip/xc8/v3.00/avr/bin/../lib/gcc/avr/5.4.0/../../../../avr/lib/avr5/libc.a(_Exit.o)
 .text          0x0000000000000000        0x0 /opt/microchip/xc8/v3.00/avr/bin/../lib/gcc/avr/5.4.0/avr5/libgcc.a(_exit.o)
 .data          0x0000000000000000        0x0 /opt/microchip/xc8/v3.00/avr/bin/../lib/gcc/avr/5.4.0/avr5/libgcc.a(_exit.o)
 .bss           0x0000000000000000        0x0 /opt/microchip/xc8/v3.00/avr/bin/../lib/gcc/avr/5.4.0/avr5/libgcc.a(_exit.o)
 .text.libgcc.mul
                0x0000000000000000        0x0 /opt/microchip/xc8/v3.00/avr/bin/../lib/gcc/avr/5.4.0/avr5/libgcc.a(_exit.o)
 .text.libgcc.div
                0x0000000000000000        0x0 /opt/microchip/xc8/v3.00/avr/bin/../lib/gcc/avr/5.4.0/avr5/libgcc.a(_exit.o)
 .text.libgcc   0x0000000000000000        0x0 /opt/microchip/xc8/v3.00/avr/bin/../lib/gcc/avr/5.4.0/avr5/libgcc.a(_exit.o)
 .text.libgcc.prologue
                0x0000000000000000        0x0 /opt/microchip/xc8/v3.00/avr/bin/../lib/gcc/avr/5.4.0/avr5/libgcc.a(_exit.o)
 .stack.descriptors
                0x0000000000000000       0x13 /opt/microchip/xc8/v3.00/avr/bin/../lib/gcc/avr/5.4.0/avr5/libgcc.a(_exit.o)
 .text.libgcc.builtins
                0x0000000000000000        0x0 /opt/microchip/xc8/v3.00/avr/bin/../lib/gcc/avr/5.4.0/avr5/libgcc.a(_exit.o)
 .text.libgcc.fmul
                0x0000000000000000        0x0 /opt/microchip/xc8/v3.00/avr/bin/../lib/gcc/avr/5.4.0/avr5/libgcc.a(_exit.o)
 .text.libgcc.fixed
                0x0000000000000000        0x0 /opt/microchip/xc8/v3.00/avr/bin/../lib/gcc/avr/5.4.0/avr5/libgcc.a(_exit.o)

Memory Configuration

Name             Origin             Length             Attributes
text             0x0000000000000000 0x0000000000008000 xr
data             0x0000000000800100 0x0000000000000800 rw !x
eeprom           0x0000000000810000 0x0000000000000400 rw !x
fuse             0x0000000000820000 0x0000000000000003 rw !x
lock             0x0000000000830000 0x0000000000000400 rw !x
signature        0x0000000000840000 0x0000000000000400 rw !x
user_signatures  0x0000000000850000 0x0000000000000400 rw !x
bootrow          0x0000000000860000 0x0000000000000400 rw !x
*default*        0x0000000000000000 0xffffffffffffffff

Linker script and memory map

Address of section .data set to 0x800100
LOAD /home/pablo/.mchp_packs/Microchip/ATmega_DFP/3.4.282/xc8/avr/lib/avr5/crtatmega328p.o
                0x0000000000000001                __MPLAB_BUILD = 0x1
LOAD build/default/production/main.o
LOAD build/default/production/keypad.o
LOAD build/default/production/lcd.o
START GROUP
LOAD /opt/microchip/xc8/v3.00/avr/bin/../lib/gcc/avr/5.4.0/../../../../avr/lib/avr5/libm.a
END GROUP
START GROUP
LOAD /opt/microchip/xc8/v3.00/avr/bin/../lib/gcc/avr/5.4.0/avr5/libgcc.a
LOAD /opt/microchip/xc8/v3.00/avr/bin/../lib/gcc/avr/5.4.0/../../../../avr/lib/avr5/libm.a
LOAD /opt/microchip/xc8/v3.00/avr/bin/../lib/gcc/avr/5.4.0/../../../../avr/lib/avr5/libc.a
LOAD /home/pablo/.mchp_packs/Microchip/ATmega_DFP/3.4.282/xc8/avr/lib/avr5/libatmega328p.a
END GROUP
                0x0000000000000000                __TEXT_REGION_ORIGIN__ = DEFINED (__TEXT_REGION_ORIGIN__)?__TEXT_REGION_ORIGIN__:0x0
                [0x0000000000800100]                __DATA_REGION_ORIGIN__ = DEFINED (__DATA_REGION_ORIGIN__)?__DATA_REGION_ORIGIN__:0x800060
                [0x0000000000008000]                __TEXT_REGION_LENGTH__ = DEFINED (__TEXT_REGION_LENGTH__)?__TEXT_REGION_LENGTH__:0x20000
                [0x0000000000000800]                __DATA_REGION_LENGTH__ = DEFINED (__DATA_REGION_LENGTH__)?__DATA_REGION_LENGTH__:0xffa0
                [0x0000000000000400]                __EEPROM_REGION_LENGTH__ = DEFINED (__EEPROM_REGION_LENGTH__)?__EEPROM_REGION_LENGTH__:0x10000
                [0x0000000000000003]                __FUSE_REGION_LENGTH__ = DEFINED (__FUSE_REGION_LENGTH__)?__FUSE_REGION_LENGTH__:0x400
                0x0000000000000400                __LOCK_REGION_LENGTH__ = DEFINED (__LOCK_REGION_LENGTH__)?__LOCK_REGION_LENGTH__:0x400
                0x0000000000000400                __SIGNATURE_REGION_LENGTH__ = DEFINED (__SIGNATURE_REGION_LENGTH__)?__SIGNATURE_REGION_LENGTH__:0x400
                0x0000000000000400                __USER_SIGNATURE_REGION_LENGTH__ = DEFINED (__USER_SIGNATURE_REGION_LENGTH__)?__USER_SIGNATURE_REGION_LENGTH__:0x400
                0x0000000000000400                __BOOTROW_REGION_LENGTH__ = DEFINED (__BOOTROW_REGION_LENGTH__)?__BOOTROW_REGION_LENGTH__:0x400

.hash
 *(.hash)

.dynsym
 *(.dynsym)

.dynstr
 *(.dynstr)

.gnu.version
 *(.gnu.version)

.gnu.version_d
 *(.gnu.version_d)

.gnu.version_r
 *(.gnu.version_r)

.rel.init
 *(.rel.init)

.rela.init
 *(.rela.init)

.rel.text
 *(.rel.text)
 *(.rel.text.*)
 *(.rel.gnu.linkonce.t*)

.rela.text
 *(.rela.text)
 *(.rela.text.*)
 *(.rela.gnu.linkonce.t*)

.rel.fini
 *(.rel.fini)

.rela.fini
 *(.rela.fini)

.rel.rodata
 *(.rel.rodata)
 *(.rel.rodata.*)
 *(.rel.gnu.linkonce.r*)

.rela.rodata
 *(.rela.rodata)
 *(.rela.rodata.*)
 *(.rela.gnu.linkonce.r*)

.rel.data
 *(.rel.data)
 *(.rel.data.*)
 *(.rel.gnu.linkonce.d*)

.rela.data
 *(.rela.data)
 *(.rela.data.*)
 *(.rela.gnu.linkonce.d*)

.rel.ctors
 *(.rel.ctors)

.rela.ctors
 *(.rela.ctors)

.rel.dtors
 *(.rel.dtors)

.rela.dtors
 *(.rela.dtors)

.rel.got
 *(.rel.got)

.rela.got
 *(.rela.got)

.rel.bss
 *(.rel.bss)

.rela.bss
 *(.rela.bss)

.rel.plt
 *(.rel.plt)

.rela.plt
 *(.rela.plt)

.text           0x0000000000000000      0x1c8
 *(.vectors)
 .vectors       0x0000000000000000       0x68 /home/pablo/.mchp_packs/Microchip/ATmega_DFP/3.4.282/xc8/avr/lib/avr5/crtatmega328p.o
                0x0000000000000000                __vectors
                0x0000000000000000                __vector_default
 *(.vectors)
 *(.progmem.gcc*)
 .progmem.gcc_sw_table.taskAPP
                0x0000000000000068       0x10 build/default/production/main.o
 .progmem.gcc_sw_table.KBGetChar
                0x0000000000000078       0xf0 build/default/production/keypad.o
 *(.dinit)
 .dinit         0x0000000000000168        0xc data_init
                0x0000000000000174                . = ALIGN (0x2)
                0x0000000000000174                __trampolines_start = .
 *(.trampolines)
 .trampolines   0x0000000000000174        0x0 linker stubs
 *(.trampolines*)
                0x0000000000000174                __trampolines_end = .
 *libprintf_flt.a:*(.progmem.data)
 *libc.a:*(.progmem.data)
                0x0000000000000174                . = ALIGN (0x2)
 *(.jumptables)
 *(.jumptables*)
 *(.lowtext)
 *(.lowtext*)
                0x0000000000000174                __ctors_start = .
 *(.ctors)
                0x0000000000000174                __ctors_end = .
                0x0000000000000174                __dtors_start = .
 *(.dtors)
                0x0000000000000174                __dtors_end = .
 SORT(*)(.ctors)
 SORT(*)(.dtors)
 *(.init0)
 .init0         0x0000000000000174        0x0 /home/pablo/.mchp_packs/Microchip/ATmega_DFP/3.4.282/xc8/avr/lib/avr5/crtatmega328p.o
                0x0000000000000174                __init
 *(.init0)
 *(.init1)
 *(.init1)
 *(.init2)
 .init2         0x0000000000000174        0xc /home/pablo/.mchp_packs/Microchip/ATmega_DFP/3.4.282/xc8/avr/lib/avr5/crtatmega328p.o
 *(.init2)
 *(.init3)
 *(.init3)
 *(.init4)
 .init4         0x0000000000000180       0x3c /opt/microchip/xc8/v3.00/avr/bin/../lib/gcc/avr/5.4.0/avr5/libgcc.a(_copy_data.o)
                0x0000000000000180                __do_copy_data
                0x00000000000001ae                __do_clear_bss
 *(.init4)
 *(.init5)
 *(.init5)
 *(.init6)
 *(.init6)
 *(.init7)
 *(.init7)
 *(.init8)
 *(.init8)
 *(.init9)
 .init9         0x00000000000001bc        0x8 /home/pablo/.mchp_packs/Microchip/ATmega_DFP/3.4.282/xc8/avr/lib/avr5/crtatmega328p.o
 *(.init9)
                0x00000000000001c4                . = ALIGN (0x2)
 *(.fini9)
 .fini9         0x00000000000001c4        0x0 /opt/microchip/xc8/v3.00/avr/bin/../lib/gcc/avr/5.4.0/avr5/libgcc.a(_exit.o)
                0x00000000000001c4                _exit
 *(.fini9)
 *(.fini8)
 *(.fini8)
 *(.fini7)
 *(.fini7)
 *(.fini6)
 *(.fini6)
 *(.fini5)
 *(.fini5)
 *(.fini4)
 *(.fini4)
 *(.fini3)
 *(.fini3)
 *(.fini2)
 *(.fini2)
 *(.fini1)
 *(.fini1)
 *(.fini0)
 .fini0         0x00000000000001c4        0x4 /opt/microchip/xc8/v3.00/avr/bin/../lib/gcc/avr/5.4.0/avr5/libgcc.a(_exit.o)
 *(.fini0)
                0x00000000000001c8                _etext = .

.data           0x0000000000800100        0x0 load address 0x00000000000001c8
                [!provide]                        PROVIDE (__data_start, .)
 *(.gnu.linkonce.d*)
 *(.gnu.linkonce.r*)
                0x0000000000800100                . = ALIGN (0x2)
                0x0000000000800100                _edata = .
                [!provide]                        PROVIDE (__data_end, .)

.bss            0x0000000000800100        0x0
                [!provide]                        PROVIDE (__bss_start, .)
 *(COMMON)
                [!provide]                        PROVIDE (__bss_end, .)
                0x00000000000001c8                __data_load_start = LOADADDR (.data)
                0x00000000000001c8                __data_load_end = (__data_load_start + SIZEOF (.data))

.noinit         0x0000000000800100        0x0
                [!provide]                        PROVIDE (__noinit_start, .)
 *(.noinit*)
                [!provide]                        PROVIDE (__noinit_end, .)
                0x0000000000800100                _end = .

.eeprom         0x0000000000810000        0x0
 *(.eeprom*)
                0x0000000000810000                __eeprom_end = .

.fuse
 *(.fuse)
 *(.lfuse)
 *(.hfuse)
 *(.efuse)

.lock
 *(.lock*)

.signature
 *(.signature*)

.user_signatures
 *(.user_signatures*)

.bootrow
 *(.bootrow*)

.stab
 *(.stab)

.stabstr
 *(.stabstr)

.stab.excl
 *(.stab.excl)

.stab.exclstr
 *(.stab.exclstr)

.stab.index
 *(.stab.index)

.stab.indexstr
 *(.stab.indexstr)

.comment        0x0000000000000000       0x5b
 *(.comment)
 .comment       0x0000000000000000       0x2f build/default/production/main.o
                                         0x30 (size before relaxing)
 .comment       0x000000000000002f       0x30 build/default/production/keypad.o
 .comment       0x000000000000002f       0x30 build/default/production/lcd.o
 .comment       0x000000000000002f       0x2c /opt/microchip/xc8/v3.00/avr/bin/../lib/gcc/avr/5.4.0/../../../../avr/lib/avr5/libc.a(exit.o)
                                         0x2d (size before relaxing)
 .comment       0x000000000000005b       0x2d /opt/microchip/xc8/v3.00/avr/bin/../lib/gcc/avr/5.4.0/../../../../avr/lib/avr5/libc.a(strcmp.o)
 .comment       0x000000000000005b       0x2d /opt/microchip/xc8/v3.00/avr/bin/../lib/gcc/avr/5.4.0/../../../../avr/lib/avr5/libc.a(_Exit.o)

.stack.descriptors.hdr
                0x0000000000000000       0x46
 .stack.descriptors.hdr
                0x0000000000000000        0xe /opt/microchip/xc8/v3.00/avr/bin/../lib/gcc/avr/5.4.0/avr5/libgcc.a(_tablejump2.o)
 .stack.descriptors.hdr
                0x000000000000000e        0xe /opt/microchip/xc8/v3.00/avr/bin/../lib/gcc/avr/5.4.0/../../../../avr/lib/avr5/libc.a(exit.o)
 .stack.descriptors.hdr
                0x000000000000001c        0xe /opt/microchip/xc8/v3.00/avr/bin/../lib/gcc/avr/5.4.0/../../../../avr/lib/avr5/libc.a(strcmp.o)
 .stack.descriptors.hdr
                0x000000000000002a        0xe /opt/microchip/xc8/v3.00/avr/bin/../lib/gcc/avr/5.4.0/../../../../avr/lib/avr5/libc.a(_Exit.o)
 .stack.descriptors.hdr
                0x0000000000000038        0xe /opt/microchip/xc8/v3.00/avr/bin/../lib/gcc/avr/5.4.0/avr5/libgcc.a(_exit.o)

.note.GNU-stack
                0x0000000000000000        0x0
 .note.GNU-stack
                0x0000000000000000        0x0 /opt/microchip/xc8/v3.00/avr/bin/../lib/gcc/avr/5.4.0/../../../../avr/lib/avr5/libc.a(exit.o)
 .note.GNU-stack
                0x0000000000000000        0x0 /opt/microchip/xc8/v3.00/avr/bin/../lib/gcc/avr/5.4.0/../../../../avr/lib/avr5/libc.a(strcmp.o)
 .note.GNU-stack
                0x0000000000000000        0x0 /opt/microchip/xc8/v3.00/avr/bin/../lib/gcc/avr/5.4.0/../../../../avr/lib/avr5/libc.a(_Exit.o)

.note.gnu.build-id
 *(.note.gnu.build-id)

.debug
 *(.debug)

.line
 *(.line)

.debug_srcinfo
 *(.debug_srcinfo)

.debug_sfnames
 *(.debug_sfnames)

.debug_aranges  0x0000000000000000       0xc8
 *(.debug_aranges)
 .debug_aranges
                0x0000000000000000       0x40 build/default/production/main.o
 .debug_aranges
                0x0000000000000040       0x38 build/default/production/keypad.o
 .debug_aranges
                0x0000000000000078       0x50 build/default/production/lcd.o

.debug_pubnames
 *(.debug_pubnames)

.debug_info     0x0000000000000000     0x17c4
 *(.debug_info .gnu.linkonce.wi.*)
 .debug_info    0x0000000000000000      0x5f4 /home/pablo/.mchp_packs/Microchip/ATmega_DFP/3.4.282/xc8/avr/lib/avr5/crtatmega328p.o
 .debug_info    0x00000000000005f4      0x59d build/default/production/main.o
 .debug_info    0x0000000000000b91      0x2dd build/default/production/keypad.o
 .debug_info    0x0000000000000e6e      0x956 build/default/production/lcd.o

.debug_abbrev   0x0000000000000000      0x8ff
 *(.debug_abbrev)
 .debug_abbrev  0x0000000000000000      0x5a2 /home/pablo/.mchp_packs/Microchip/ATmega_DFP/3.4.282/xc8/avr/lib/avr5/crtatmega328p.o
 .debug_abbrev  0x00000000000005a2      0x11a build/default/production/main.o
 .debug_abbrev  0x00000000000006bc       0x9a build/default/production/keypad.o
 .debug_abbrev  0x0000000000000756      0x1a9 build/default/production/lcd.o

.debug_line     0x0000000000000000      0xa29
 *(.debug_line .debug_line.* .debug_line_end)
 .debug_line    0x0000000000000000      0x134 /home/pablo/.mchp_packs/Microchip/ATmega_DFP/3.4.282/xc8/avr/lib/avr5/crtatmega328p.o
 .debug_line    0x0000000000000134      0x299 build/default/production/main.o
 .debug_line    0x00000000000003cd      0x1f9 build/default/production/keypad.o
 .debug_line    0x00000000000005c6      0x463 build/default/production/lcd.o

.debug_frame    0x0000000000000000      0x178
 *(.debug_frame)
 .debug_frame   0x0000000000000000       0x6c build/default/production/main.o
 .debug_frame   0x000000000000006c       0x54 build/default/production/keypad.o
 .debug_frame   0x00000000000000c0       0xb8 build/default/production/lcd.o

.debug_str      0x0000000000000000      0x270
 *(.debug_str)
 .debug_str     0x0000000000000000      0x208 /home/pablo/.mchp_packs/Microchip/ATmega_DFP/3.4.282/xc8/avr/lib/avr5/crtatmega328p.o
 .debug_str     0x0000000000000208       0x42 build/default/production/main.o
 .debug_str     0x000000000000024a        0x0 build/default/production/keypad.o
 .debug_str     0x000000000000024a       0x26 build/default/production/lcd.o

.debug_loc      0x0000000000000000      0xb77
 *(.debug_loc)
 .debug_loc     0x0000000000000000       0x3c build/default/production/main.o
 .debug_loc     0x000000000000003c      0x42b build/default/production/keypad.o
 .debug_loc     0x0000000000000467      0x710 build/default/production/lcd.o

.debug_macinfo
 *(.debug_macinfo)

.debug_weaknames
 *(.debug_weaknames)

.debug_funcnames
 *(.debug_funcnames)

.debug_typenames
 *(.debug_typenames)

.debug_varnames
 *(.debug_varnames)

.debug_pubtypes
 *(.debug_pubtypes)

.debug_ranges   0x0000000000000000       0x98
 *(.debug_ranges)
 .debug_ranges  0x0000000000000000       0x30 build/default/production/main.o
 .debug_ranges  0x0000000000000030       0x28 build/default/production/keypad.o
 .debug_ranges  0x0000000000000058       0x40 build/default/production/lcd.o

.debug_macro
 *(.debug_macro)
OUTPUT(dist/default/production/p5apkeypas.X.production.elf elf32-avr)
LOAD linker stubs
LOAD data_init

.note.gnu.avr.deviceinfo
                0x0000000000000000       0x40
 .note.gnu.avr.deviceinfo
                0x0000000000000000       0x40 /home/pablo/.mchp_packs/Microchip/ATmega_DFP/3.4.282/xc8/avr/lib/avr5/crtatmega328p.o

.bss.cnt.2161   0x000000000080013d        0x2
 .bss.cnt.2161  0x000000000080013d        0x2 build/default/production/main.o

.bss.nerr.2145  0x0000000000800141        0x1
 .bss.nerr.2145
                0x0000000000800141        0x1 build/default/production/main.o

.bss.keycnt.2143
                0x0000000000800142        0x1
 .bss.keycnt.2143
                0x0000000000800142        0x1 build/default/production/main.o

.bss.cnt.2146   0x000000000080013f        0x2
 .bss.cnt.2146  0x000000000080013f        0x2 build/default/production/main.o

.bss.state.2144
                0x0000000000800143        0x1
 .bss.state.2144
                0x0000000000800143        0x1 build/default/production/main.o

.bss.pass       0x0000000000800138        0x5
 .bss.pass      0x0000000000800138        0x5 build/default/production/main.o
                0x0000000000800138                pass

.bss.tickms     0x0000000000800144        0x1
 .bss.tickms    0x0000000000800144        0x1 build/default/production/main.o
                0x0000000000800144                tickms

.text.taskAPP   0x00000000000001c8      0x186
 .text.taskAPP  0x00000000000001c8      0x186 build/default/production/main.o
                0x00000000000001c8                taskAPP

.text.LCDSetup  0x000000000000034e       0xbe
 .text.LCDSetup
                0x000000000000034e       0xbe build/default/production/lcd.o
                0x000000000000034e                LCDSetup

.text.LCDGotoXY
                0x000000000000040c       0x74
 .text.LCDGotoXY
                0x000000000000040c       0x74 build/default/production/lcd.o
                0x000000000000040c                LCDGotoXY

.text.LCDWriteCMD
                0x0000000000000480       0x64
 .text.LCDWriteCMD
                0x0000000000000480       0x64 build/default/production/lcd.o
                0x0000000000000480                LCDWriteCMD

.text.KBGetChar
                0x00000000000004e4       0x5a
 .text.KBGetChar
                0x00000000000004e4       0x5a build/default/production/keypad.o
                0x00000000000004e4                KBGetChar

.text.LCDWriteChar
                0x000000000000053e       0x50
 .text.LCDWriteChar
                0x000000000000053e       0x50 build/default/production/lcd.o
                0x000000000000053e                LCDWriteChar

.text.KBScan    0x000000000000058e       0x4a
 .text.KBScan   0x000000000000058e       0x4a build/default/production/keypad.o
                0x000000000000058e                KBScan

.text.taskLED   0x00000000000005d8       0x38
 .text.taskLED  0x00000000000005d8       0x38 build/default/production/main.o
                0x00000000000005d8                taskLED

.text.main      0x0000000000000610       0x22
 .text.main     0x0000000000000610       0x22 build/default/production/main.o
                0x0000000000000610                main

.text.setupMCU  0x0000000000000632       0x1e
 .text.setupMCU
                0x0000000000000632       0x1e build/default/production/main.o
                0x0000000000000632                setupMCU

.text.LCDWriteMsg
                0x0000000000000650       0x1e
 .text.LCDWriteMsg
                0x0000000000000650       0x1e build/default/production/lcd.o
                0x0000000000000650                LCDWriteMsg

.text.strcmp    0x000000000000066e       0x1c
 .text.strcmp   0x000000000000066e       0x1c /opt/microchip/xc8/v3.00/avr/bin/../lib/gcc/avr/5.4.0/../../../../avr/lib/avr5/libc.a(strcmp.o)
                0x000000000000066e                strcmp

.text.t0_isr    0x000000000000068a       0x1a
 .text.t0_isr   0x000000000000068a       0x1a build/default/production/main.o
                0x000000000000068a                t0_isr
                0x000000000000068a                __vector_16

.text.KBSetup   0x00000000000006a4       0x1a
 .text.KBSetup  0x00000000000006a4       0x1a build/default/production/keypad.o
                0x00000000000006a4                KBSetup

.text.exit      0x00000000000006be       0x16
 .text.exit     0x00000000000006be       0x16 /opt/microchip/xc8/v3.00/avr/bin/../lib/gcc/avr/5.4.0/../../../../avr/lib/avr5/libc.a(exit.o)
                0x00000000000006be                exit

.text.libgcc    0x00000000000006d4        0xc
 .text.libgcc   0x00000000000006d4        0xc /opt/microchip/xc8/v3.00/avr/bin/../lib/gcc/avr/5.4.0/avr5/libgcc.a(_tablejump2.o)
                0x00000000000006d4                __tablejump2__

.text           0x00000000000006e0        0x4
 .text          0x00000000000006e0        0x4 /home/pablo/.mchp_packs/Microchip/ATmega_DFP/3.4.282/xc8/avr/lib/avr5/crtatmega328p.o
                0x00000000000006e0                __vector_22
                0x00000000000006e0                __vector_1
                0x00000000000006e0                __vector_24
                0x00000000000006e0                __vector_12
                0x00000000000006e0                __bad_interrupt
                0x00000000000006e0                __vector_6
                0x00000000000006e0                __vector_3
                0x00000000000006e0                __vector_23
                0x00000000000006e0                __vector_25
                0x00000000000006e0                __vector_11
                0x00000000000006e0                __vector_13
                0x00000000000006e0                __vector_17
                0x00000000000006e0                __vector_19
                0x00000000000006e0                __vector_7
                0x00000000000006e0                __vector_5
                0x00000000000006e0                __vector_4
                0x00000000000006e0                __vector_9
                0x00000000000006e0                __vector_2
                0x00000000000006e0                __vector_21
                0x00000000000006e0                __vector_15
                0x00000000000006e0                __vector_8
                0x00000000000006e0                __vector_14
                0x00000000000006e0                __vector_10
                0x00000000000006e0                __vector_18
                0x00000000000006e0                __vector_20

.text._Exit     0x00000000000006e4        0x4
 .text._Exit    0x00000000000006e4        0x4 /opt/microchip/xc8/v3.00/avr/bin/../lib/gcc/avr/5.4.0/../../../../avr/lib/avr5/libc.a(_Exit.o)
                0x00000000000006e4                _Exit

.text.__dummy_fini
                0x00000000000006e8        0x2
 .text.__dummy_fini
                0x00000000000006e8        0x2 /opt/microchip/xc8/v3.00/avr/bin/../lib/gcc/avr/5.4.0/../../../../avr/lib/avr5/libc.a(exit.o)
                0x00000000000006e8                _fini

.text.__dummy_funcs_on_exit
                0x00000000000006ea        0x2
 .text.__dummy_funcs_on_exit
                0x00000000000006ea        0x2 /opt/microchip/xc8/v3.00/avr/bin/../lib/gcc/avr/5.4.0/../../../../avr/lib/avr5/libc.a(exit.o)
                0x00000000000006ea                __funcs_on_exit

.text.__dummy_simulator_exit
                0x00000000000006ec        0x2
 .text.__dummy_simulator_exit
                0x00000000000006ec        0x2 /opt/microchip/xc8/v3.00/avr/bin/../lib/gcc/avr/5.4.0/../../../../avr/lib/avr5/libc.a(exit.o)
                0x00000000000006ec                __simulator_exit

.rodata         0x0000000000800100       0x38 load address 0x00000000000006ee
 .rodata        0x0000000000800100       0x38 build/default/production/main.o
